
> iptv-for-kids@0.0.0 build
> vite build

[36mvite v7.3.1 [32mbuilding client environment for production...[36m[39m
transforming...
[32mΓ£ô[39m 1752 modules transformed.
rendering chunks...
computing gzip size...
[2mdist/[22m[32mindex.html                 [39m[1m[2m  0.46 kB[22m[1m[22m[2m Γöé gzip:   0.30 kB[22m
[2mdist/[22m[35massets/index-C7-MdETZ.css  [39m[1m[2m  2.35 kB[22m[1m[22m[2m Γöé gzip:   1.00 kB[22m
[2mdist/[22m[36massets/index-BEODjzfy.js   [39m[1m[33m735.11 kB[39m[22m[2m Γöé gzip: 229.97 kB[22m
node.exe : [33m
At line:1 char:1
+ & "C:\Program 
Files\nodejs/node.exe" "C:\Program 
Files\nodejs/node_mo ...
+ ~~~~~~~~~~~~~~~~~~~~~~~~~~~~~~~~~~~
~~~~~~~~~~~~~~~~~~~~~~~~~~~~~~~~~~
    + CategoryInfo          : NotSpe 
   cified: ([33m:String) [], Remot  
  eException
    + FullyQualifiedErrorId : Native 
   CommandError
 
(!) Some chunks are larger than 500 
kB after minification. Consider:
- Using dynamic import() to 
code-split the application
- Use build.rollupOptions.output.manu
alChunks to improve chunking: https:/
/rollupjs.org/configuration-options/#
output-manualchunks
- Adjust chunk size limit for this 
warning via 
build.chunkSizeWarningLimit.[39m
[32mΓ£ô built in 3.97s[39m
